// Jest Snapshot v1, https://goo.gl/fbAQLP

exports[`Mejor App testing render the element vs snapshot 1`] = `ReactWrapper {}`;
